// Jest Snapshot v1, https://goo.gl/fbAQLP

exports[`renders the annotators 1`] = `
Array [
  <div
    className="annotators"
  >
    <dl
      className="dl"
    >
      <div
        className="container"
      >
        <dt
          className="dt"
        >
          short
        </dt>
        <dd
          className="dd"
        >
          T
        </dd>
      </div>
      <div
        className="container"
      >
        <dt
          className="dt"
        >
          name
        </dt>
        <dd
          className="dd"
        >
          T
        </dd>
      </div>
      <div
        className="container"
      >
        <dt
          className="dt"
        >
          address
        </dt>
        <dd
          className="dd"
        >
          t
        </dd>
      </div>
      <div
        className="container"
      >
        <dt
          className="dt"
        >
          uri
        </dt>
        <dd
          className="dd"
        >
          h
        </dd>
      </div>
    </dl>
  </div>,
  <div
    className="annotators"
  >
    <dl
      className="dl"
    >
      <div
        className="container"
      >
        <dt
          className="dt"
        >
          uri
        </dt>
        <dd
          className="dd"
        >
          h
        </dd>
      </div>
    </dl>
  </div>,
]
`;
