// Jest Snapshot v1, https://goo.gl/fbAQLP

exports[`renders a sentence 1`] = `
<div
  className="information"
>
  <dl
    className="dl"
  >
    <div
      className="container"
    >
      <dt
        className="dt"
      >
        Lemma
      </dt>
      <dd
        className="dd"
      >
        δικαστής
      </dd>
    </div>
    <div
      className="container"
    >
      <dt
        className="dt"
      >
        Part of Speech
      </dt>
      <dd
        className="dd"
      >
        noun
      </dd>
    </div>
    <div
      className="container"
    >
      <dt
        className="dt"
      >
        Number
      </dt>
      <dd
        className="dd"
      >
        plural
      </dd>
    </div>
    <div
      className="container"
    >
      <dt
        className="dt"
      >
        gender
      </dt>
      <dd
        className="dd"
      >
        masculine
      </dd>
    </div>
    <div
      className="container"
    >
      <dt
        className="dt"
      >
        Casus
      </dt>
      <dd
        className="dd"
      >
        accusative
      </dd>
    </div>
  </dl>
</div>
`;
